01-home {"mode":"overview","posture":"stand","drink":null,"session":"7ce4e008-1664-4303-8a50-bfc02296d5c3","remote":0,"coins":30}
02-enter {"mode":"walk","hint":true}
03-npcs-arrive-empty-handed {"first":["noah","to-counter",false],"allEmptyHandedBeforeService":true}
04-order-at-counter {"served":true,"drink":"Matcha latte","sips":3,"coins":25}
05-npc-served-by-mara [["noah","to-seat",true,"Maple latte"],["claire","ordering",false,"Matcha latte"],["jules","ordering",false,"Coffee"]]
06-sit-on-chair {"ok":true,"seat":"community-1","pos":[4,3.12],"seatPos":[4,3.12]}
07-stand-up {"ok":true,"posture":"stand"}
08-water-plant {"watering":"water","before":65,"after":0,"coins":29}
09-npc-menu {"menu":true,"items":["💬 Chat","❓ Ask a question","☕ Order a drink","🍪 Give a maple cookie · 8 🍁"]}
10-chat {"typing":true,"reply":["Hi Mara! My name is Robin. What do you recommend?","MaraThere’s my favourite face. What can I make you?"],"bond":{"points":2,"crush":0,"crushOn":false,"last":{"chat":1789824314793},"day":"Sat Sep 19 2026","today":{"chat":1},"memory":["name: Robin"]}}
11-close-chat {"open":false}
12-study-sit {"ok":true,"context":["📚 StudyE","Stand up"]}
13-study-choose {"options":["30min · 75 🍁","60min · 160 🍁"]}
14-headphones-on {"stage":"study","headphones":"head","hud":true,"timer":"29:58","task":"Typing notes"}
15-studying {"task":"Writing notes","timer":"27:37"}
16-focus-complete {"coinsBefore":34,"coinsAfter":109,"reward":"+75 Maple Coins","lines":"+70 XP🔥 Study streak · 1 day","streak":{"days":1,"lastDay":"2026-09-19","sessions":1},"posture":"stand"}
17-cancel-no-reward {"coinsBefore":109,"coinsAfter":109}
18-shop {"coinsBefore":109,"coinsAfter":39,"equipped":"top-matcha","owned":true}
19-shop-hair {"previewing":true}
20-shop-close {"equippedHair":"hair-bun"}
21-xo-start {"game":"xo","hud":"Your move — place an X","posture":"seated","jules":"seated"}
22-xo-play {"reward":"Jules wins","lines":"Jules winsToo quick to count — play a full game for coins.","coins":39,"bond":6}
23-group-chat {"title":"Study Buddies","members":["Maya (you)"]}
23b-npc-group {"members":["Maya (you)","Noah"],"replied":true,"last":["Noah joined the group.","Noah, want to study later?"]}
23c-close-messenger true
25-memory-start {"ok":true,"status":"You 0 · Claire 0 — pick a card","me":"seated","them":"seated"}
26-memory-move {"status":"You 0 · Claire 0 — Claire’s turn"}
27-memory-leave {"mode":"walk","posture":"stand","drink":"Matcha latte","session":"7ce4e008-1664-4303-8a50-bfc02296d5c3","remote":0,"coins":39}
25-chess-start {"ok":true,"status":"Your move (white) — pick a piece","me":"seated","them":"seated"}
26-chess-move {"status":"Your move (white)"}
27-chess-leave {"mode":"walk","posture":"stand","drink":"Matcha latte","session":"7ce4e008-1664-4303-8a50-bfc02296d5c3","remote":0,"coins":39}
25-cards-start {"ok":true,"status":"Your turn — match 3♦ (7 vs 7)","me":"seated","them":"seated"}
26-cards-move {"status":"Your turn — match 3♦ (8 vs 7)"}
27-cards-leave {"mode":"walk","posture":"stand","drink":"Matcha latte","session":"7ce4e008-1664-4303-8a50-bfc02296d5c3","remote":0,"coins":39}
28-snake {"status":"Score 1","activity":"arcade"}
28b-snake-over {"ok":true,"reward":"+2 Maple Coins","lines":"Score 1+4 XP"}
29-darts {"status":"Round 1/3 · You 10 · Claire 0 — hold to aim, release to throw"}
29b-darts-leave {"mode":"walk","posture":"stand","drink":"Matcha latte","session":"7ce4e008-1664-4303-8a50-bfc02296d5c3","remote":0,"coins":41}
30-hangout {"ok":true,"me":"sofa","them":"lounge-chair"}
31-hangout-end {"posture":"stand","noah":false}
32-study-together {"me":"study-table-2","them":"study-table-3","task":"Writing notes"}
33-study-together-end {"reward":"+75 Maple Coins","claire":24}
24-home {"mode":"overview","welcome":true,"coins":116,"drink":null}
errors [
 "pageerror: Failed to execute 'setPointerCapture' on 'Element': No active pointer with the given id is found.",
 "pageerror: Failed to execute 'setPointerCapture' on 'Element': No active pointer with the given id is found.",
 "pageerror: Failed to execute 'setPointerCapture' on 'Element': No active pointer with the given id is found."
]
